<?php return array (
  0 => 'Symfony\\Bundle\\FrameworkBundle\\Controller\\AbstractController',
  1 => 'App\\Controller\\AdminActionController',
  2 => 'App\\Controller\\AdminAttributeController',
  3 => 'App\\Controller\\AdminCategoryController',
  4 => 'App\\Controller\\AdminController',
  5 => 'App\\Controller\\AdminDobavljacController',
  6 => 'App\\Controller\\AdminOrderController',
  7 => 'App\\Controller\\AdminProductController',
  8 => 'App\\Controller\\AdminReviewController',
  9 => 'App\\Controller\\AdminRezervacijaController',
  10 => 'App\\Controller\\AdminUserController',
  11 => 'App\\Controller\\AuthController',
  12 => 'App\\Controller\\FirmaController',
  13 => 'App\\Controller\\GazdinstvoController',
  14 => 'App\\Controller\\HomeController',
  15 => 'App\\Controller\\PageController',
  16 => 'App\\Controller\\ProfilController',
  17 => 'App\\Controller\\RegistrationController',
  18 => 'App\\Controller\\ResetPasswordController',
  19 => 'App\\Controller\\SecurityController',
  20 => 'App\\Controller\\ShopController',
  21 => 'App\\Controller\\SubscribeController',
  22 => 'App\\Entity\\Akcija',
  23 => 'App\\Entity\\BasketProduct',
  24 => 'App\\Entity\\Dobavljac',
  25 => 'App\\Entity\\Kategorija',
  26 => 'App\\Entity\\KomentarProizvoda',
  27 => 'App\\Entity\\Order',
  28 => 'App\\Entity\\OrderProducts',
  29 => 'App\\Entity\\Proizvod',
  30 => 'App\\Entity\\ProizvodAkcija',
  31 => 'App\\Entity\\ProizvodAtributi',
  32 => 'App\\Entity\\ProizvodStatistika',
  33 => 'App\\Entity\\Proizvodjac',
  34 => 'App\\Entity\\ResetPasswordRequest',
  35 => 'App\\Entity\\Rezervacija',
  36 => 'App\\Entity\\Subscribe',
  37 => 'App\\Entity\\User',
  38 => 'App\\Entity\\WebsiteTag',
  39 => 'Doctrine\\Bundle\\DoctrineBundle\\Controller\\ProfilerController',
  40 => 'Doctrine\\ORM\\Cache\\Persister\\Entity\\AbstractEntityPersister',
  41 => 'Doctrine\\ORM\\Cache\\Persister\\Entity\\CachedEntityPersister',
  42 => 'Doctrine\\ORM\\Cache\\Persister\\Entity\\NonStrictReadWriteCachedEntityPersister',
  43 => 'Doctrine\\ORM\\Cache\\Persister\\Entity\\ReadOnlyCachedEntityPersister',
  44 => 'Doctrine\\ORM\\Cache\\Persister\\Entity\\ReadWriteCachedEntityPersister',
  45 => 'Doctrine\\ORM\\Persisters\\Entity\\AbstractEntityInheritancePersister',
  46 => 'Doctrine\\ORM\\Persisters\\Entity\\BasicEntityPersister',
  47 => 'Doctrine\\ORM\\Persisters\\Entity\\CachedPersisterContext',
  48 => 'Doctrine\\ORM\\Persisters\\Entity\\EntityPersister',
  49 => 'Doctrine\\ORM\\Persisters\\Entity\\JoinedSubclassPersister',
  50 => 'Doctrine\\ORM\\Persisters\\Entity\\SingleTablePersister',
  51 => 'SymfonyCasts\\Bundle\\ResetPassword\\Controller\\ResetPasswordControllerTrait',
  53 => 'Symfony\\Bundle\\FrameworkBundle\\Controller\\ControllerResolver',
  54 => 'Symfony\\Bundle\\FrameworkBundle\\Controller\\RedirectController',
  55 => 'Symfony\\Bundle\\FrameworkBundle\\Controller\\TemplateController',
  56 => 'Symfony\\Bundle\\WebProfilerBundle\\Controller\\ExceptionPanelController',
  57 => 'Symfony\\Bundle\\WebProfilerBundle\\Controller\\ProfilerController',
  58 => 'Symfony\\Bundle\\WebProfilerBundle\\Controller\\RouterController',
  59 => 'Symfony\\Component\\HttpKernel\\Controller\\ArgumentResolver',
  60 => 'Symfony\\Component\\HttpKernel\\Controller\\ArgumentResolverInterface',
  61 => 'Symfony\\Component\\HttpKernel\\Controller\\ArgumentResolver\\DefaultValueResolver',
  62 => 'Symfony\\Component\\HttpKernel\\Controller\\ArgumentResolver\\NotTaggedControllerValueResolver',
  63 => 'Symfony\\Component\\HttpKernel\\Controller\\ArgumentResolver\\RequestAttributeValueResolver',
  64 => 'Symfony\\Component\\HttpKernel\\Controller\\ArgumentResolver\\RequestValueResolver',
  65 => 'Symfony\\Component\\HttpKernel\\Controller\\ArgumentResolver\\ServiceValueResolver',
  66 => 'Symfony\\Component\\HttpKernel\\Controller\\ArgumentResolver\\SessionValueResolver',
  67 => 'Symfony\\Component\\HttpKernel\\Controller\\ArgumentResolver\\TraceableValueResolver',
  68 => 'Symfony\\Component\\HttpKernel\\Controller\\ArgumentResolver\\VariadicValueResolver',
  69 => 'Symfony\\Component\\HttpKernel\\Controller\\ArgumentValueResolverInterface',
  70 => 'Symfony\\Component\\HttpKernel\\Controller\\ContainerControllerResolver',
  71 => 'Symfony\\Component\\HttpKernel\\Controller\\ControllerReference',
  72 => 'Symfony\\Component\\HttpKernel\\Controller\\ControllerResolver',
  73 => 'Symfony\\Component\\HttpKernel\\Controller\\ControllerResolverInterface',
  74 => 'Symfony\\Component\\HttpKernel\\Controller\\ErrorController',
  75 => 'Symfony\\Component\\HttpKernel\\Controller\\TraceableArgumentResolver',
  76 => 'Symfony\\Component\\HttpKernel\\Controller\\TraceableControllerResolver',
  77 => 'Symfony\\Component\\Security\\Http\\Controller\\UserValueResolver',
);